https://archive.org/download/vicomdataset000/00000.tar.gz
https://archive.org/download/vicomdataset000/00001.tar.gz
https://archive.org/download/vicomdataset000/00002.tar.gz
https://archive.org/download/vicomdataset000/00003.tar.gz
https://archive.org/download/vicomdataset000/00004.tar.gz
https://archive.org/download/vicomdataset000/00005.tar.gz
https://archive.org/download/vicomdataset000/00006.tar.gz
https://archive.org/download/vicomdataset000/00007.tar.gz
https://archive.org/download/vicomdataset000/00008.tar.gz
https://archive.org/download/vicomdataset000/00009.tar.gz
https://archive.org/download/vicomdataset001/00010.tar.gz
https://archive.org/download/vicomdataset001/00011.tar.gz
https://archive.org/download/vicomdataset001/00012.tar.gz
https://archive.org/download/vicomdataset001/00013.tar.gz
https://archive.org/download/vicomdataset001/00014.tar.gz
https://archive.org/download/vicomdataset001/00015.tar.gz
https://archive.org/download/vicomdataset001/00016.tar.gz
https://archive.org/download/vicomdataset001/00017.tar.gz
https://archive.org/download/vicomdataset001/00018.tar.gz
https://archive.org/download/vicomdataset001/00019.tar.gz
https://archive.org/download/vicomdataset002/00020.tar.gz
https://archive.org/download/vicomdataset002/00021.tar.gz
https://archive.org/download/vicomdataset002/00022.tar.gz
https://archive.org/download/vicomdataset002/00023.tar.gz
https://archive.org/download/vicomdataset002/00024.tar.gz
https://archive.org/download/vicomdataset002/00025.tar.gz
https://archive.org/download/vicomdataset002/00026.tar.gz
https://archive.org/download/vicomdataset002/00027.tar.gz
https://archive.org/download/vicomdataset002/00028.tar.gz
https://archive.org/download/vicomdataset002/00029.tar.gz
https://archive.org/download/vicomdataset003/00030.tar.gz
https://archive.org/download/vicomdataset003/00031.tar.gz
https://archive.org/download/vicomdataset003/00032.tar.gz
https://archive.org/download/vicomdataset003/00033.tar.gz
https://archive.org/download/vicomdataset003/00034.tar.gz
https://archive.org/download/vicomdataset003/00035.tar.gz
https://archive.org/download/vicomdataset003/00036.tar.gz
https://archive.org/download/vicomdataset003/00037.tar.gz
https://archive.org/download/vicomdataset003/00038.tar.gz
https://archive.org/download/vicomdataset003/00039.tar.gz
https://archive.org/download/vicomdataset004/00040.tar.gz
https://archive.org/download/vicomdataset004/00041.tar.gz
https://archive.org/download/vicomdataset004/00042.tar.gz
https://archive.org/download/vicomdataset004/00043.tar.gz
https://archive.org/download/vicomdataset004/00044.tar.gz
https://archive.org/download/vicomdataset004/00045.tar.gz
https://archive.org/download/vicomdataset004/00046.tar.gz
https://archive.org/download/vicomdataset004/00047.tar.gz
https://archive.org/download/vicomdataset004/00048.tar.gz
https://archive.org/download/vicomdataset004/00049.tar.gz
https://archive.org/download/vicomdataset005/00050.tar.gz
https://archive.org/download/vicomdataset005/00051.tar.gz
https://archive.org/download/vicomdataset005/00052.tar.gz
https://archive.org/download/vicomdataset005/00053.tar.gz
https://archive.org/download/vicomdataset005/00054.tar.gz
https://archive.org/download/vicomdataset005/00055.tar.gz
https://archive.org/download/vicomdataset005/00056.tar.gz
https://archive.org/download/vicomdataset005/00057.tar.gz
https://archive.org/download/vicomdataset005/00058.tar.gz
https://archive.org/download/vicomdataset005/00059.tar.gz
https://archive.org/download/vicomdataset006/00060.tar.gz
https://archive.org/download/vicomdataset006/00061.tar.gz
https://archive.org/download/vicomdataset006/00062.tar.gz
https://archive.org/download/vicomdataset006/00063.tar.gz
https://archive.org/download/vicomdataset006/00064.tar.gz
https://archive.org/download/vicomdataset006/00065.tar.gz
https://archive.org/download/vicomdataset006/00066.tar.gz
https://archive.org/download/vicomdataset006/00067.tar.gz
https://archive.org/download/vicomdataset006/00068.tar.gz
https://archive.org/download/vicomdataset006/00069.tar.gz
https://archive.org/download/vicomdataset007/00070.tar.gz
https://archive.org/download/vicomdataset007/00071.tar.gz
https://archive.org/download/vicomdataset007/00072.tar.gz
https://archive.org/download/vicomdataset007/00073.tar.gz
https://archive.org/download/vicomdataset007/00074.tar.gz
https://archive.org/download/vicomdataset007/00075.tar.gz
https://archive.org/download/vicomdataset007/00076.tar.gz
https://archive.org/download/vicomdataset007/00077.tar.gz
https://archive.org/download/vicomdataset007/00078.tar.gz
https://archive.org/download/vicomdataset007/00079.tar.gz
https://archive.org/download/vicomdataset008/00080.tar.gz
https://archive.org/download/vicomdataset008/00081.tar.gz
https://archive.org/download/vicomdataset008/00082.tar.gz
https://archive.org/download/vicomdataset008/00083.tar.gz
https://archive.org/download/vicomdataset008/00084.tar.gz
https://archive.org/download/vicomdataset008/00085.tar.gz
https://archive.org/download/vicomdataset008/00086.tar.gz
https://archive.org/download/vicomdataset008/00087.tar.gz
https://archive.org/download/vicomdataset008/00088.tar.gz
https://archive.org/download/vicomdataset008/00089.tar.gz
https://archive.org/download/vicomdataset009/00090.tar.gz
https://archive.org/download/vicomdataset009/00091.tar.gz
https://archive.org/download/vicomdataset009/00092.tar.gz
https://archive.org/download/vicomdataset009/00093.tar.gz
https://archive.org/download/vicomdataset009/00094.tar.gz
https://archive.org/download/vicomdataset009/00095.tar.gz
https://archive.org/download/vicomdataset009/00096.tar.gz
https://archive.org/download/vicomdataset009/00097.tar.gz
https://archive.org/download/vicomdataset009/00098.tar.gz
https://archive.org/download/vicomdataset009/00099.tar.gz
https://archive.org/download/vicomdataset010/00100.tar.gz
https://archive.org/download/vicomdataset010/00101.tar.gz
https://archive.org/download/vicomdataset010/00102.tar.gz
https://archive.org/download/vicomdataset010/00103.tar.gz
https://archive.org/download/vicomdataset010/00104.tar.gz
https://archive.org/download/vicomdataset010/00105.tar.gz
https://archive.org/download/vicomdataset010/00106.tar.gz
https://archive.org/download/vicomdataset010/00107.tar.gz
https://archive.org/download/vicomdataset010/00108.tar.gz
https://archive.org/download/vicomdataset010/00109.tar.gz
https://archive.org/download/vicomdataset011/00110.tar.gz
https://archive.org/download/vicomdataset011/00111.tar.gz
https://archive.org/download/vicomdataset011/00112.tar.gz
https://archive.org/download/vicomdataset011/00113.tar.gz
https://archive.org/download/vicomdataset011/00114.tar.gz
https://archive.org/download/vicomdataset011/00115.tar.gz
https://archive.org/download/vicomdataset011/00116.tar.gz
https://archive.org/download/vicomdataset011/00117.tar.gz
https://archive.org/download/vicomdataset011/00118.tar.gz
https://archive.org/download/vicomdataset011/00119.tar.gz
https://archive.org/download/vicomdataset012/00120.tar.gz
https://archive.org/download/vicomdataset012/00121.tar.gz
https://archive.org/download/vicomdataset012/00122.tar.gz
https://archive.org/download/vicomdataset012/00123.tar.gz
https://archive.org/download/vicomdataset012/00124.tar.gz
https://archive.org/download/vicomdataset012/00125.tar.gz
https://archive.org/download/vicomdataset012/00126.tar.gz
https://archive.org/download/vicomdataset012/00127.tar.gz
https://archive.org/download/vicomdataset012/00128.tar.gz
https://archive.org/download/vicomdataset012/00129.tar.gz
https://archive.org/download/vicomdataset013/00130.tar.gz
https://archive.org/download/vicomdataset013/00131.tar.gz
https://archive.org/download/vicomdataset013/00132.tar.gz
https://archive.org/download/vicomdataset013/00133.tar.gz
https://archive.org/download/vicomdataset013/00134.tar.gz
https://archive.org/download/vicomdataset013/00135.tar.gz
https://archive.org/download/vicomdataset013/00136.tar.gz
https://archive.org/download/vicomdataset013/00137.tar.gz
https://archive.org/download/vicomdataset013/00138.tar.gz
https://archive.org/download/vicomdataset013/00139.tar.gz
https://archive.org/download/vicomdataset014/00140.tar.gz
https://archive.org/download/vicomdataset014/00141.tar.gz
https://archive.org/download/vicomdataset014/00142.tar.gz
https://archive.org/download/vicomdataset014/00143.tar.gz
https://archive.org/download/vicomdataset014/00144.tar.gz
https://archive.org/download/vicomdataset014/00145.tar.gz
https://archive.org/download/vicomdataset014/00146.tar.gz
https://archive.org/download/vicomdataset014/00147.tar.gz
https://archive.org/download/vicomdataset014/00148.tar.gz
https://archive.org/download/vicomdataset014/00149.tar.gz
https://archive.org/download/vicomdataset015/00150.tar.gz
https://archive.org/download/vicomdataset015/00151.tar.gz
https://archive.org/download/vicomdataset015/00152.tar.gz
https://archive.org/download/vicomdataset015/00153.tar.gz
https://archive.org/download/vicomdataset015/00154.tar.gz
https://archive.org/download/vicomdataset015/00155.tar.gz
https://archive.org/download/vicomdataset015/00156.tar.gz
https://archive.org/download/vicomdataset015/00157.tar.gz
https://archive.org/download/vicomdataset015/00158.tar.gz
https://archive.org/download/vicomdataset015/00159.tar.gz
https://archive.org/download/vicomdataset016/00160.tar.gz
https://archive.org/download/vicomdataset016/00161.tar.gz
https://archive.org/download/vicomdataset016/00162.tar.gz
https://archive.org/download/vicomdataset016/00163.tar.gz
https://archive.org/download/vicomdataset016/00164.tar.gz
https://archive.org/download/vicomdataset016/00165.tar.gz
https://archive.org/download/vicomdataset016/00166.tar.gz
https://archive.org/download/vicomdataset016/00167.tar.gz
https://archive.org/download/vicomdataset016/00168.tar.gz
https://archive.org/download/vicomdataset016/00169.tar.gz
https://archive.org/download/vicomdataset017/00170.tar.gz
https://archive.org/download/vicomdataset017/00171.tar.gz
https://archive.org/download/vicomdataset017/00172.tar.gz
https://archive.org/download/vicomdataset017/00173.tar.gz
https://archive.org/download/vicomdataset017/00174.tar.gz
https://archive.org/download/vicomdataset017/00175.tar.gz
https://archive.org/download/vicomdataset017/00176.tar.gz
https://archive.org/download/vicomdataset017/00177.tar.gz
https://archive.org/download/vicomdataset017/00178.tar.gz
https://archive.org/download/vicomdataset017/00179.tar.gz
https://archive.org/download/vicomdataset018/00180.tar.gz
https://archive.org/download/vicomdataset018/00181.tar.gz
https://archive.org/download/vicomdataset018/00182.tar.gz
https://archive.org/download/vicomdataset018/00183.tar.gz
https://archive.org/download/vicomdataset018/00184.tar.gz
https://archive.org/download/vicomdataset018/00185.tar.gz
https://archive.org/download/vicomdataset018/00186.tar.gz
https://archive.org/download/vicomdataset018/00187.tar.gz
https://archive.org/download/vicomdataset018/00188.tar.gz
https://archive.org/download/vicomdataset018/00189.tar.gz
https://archive.org/download/vicomdataset019/00190.tar.gz
https://archive.org/download/vicomdataset019/00191.tar.gz
https://archive.org/download/vicomdataset019/00192.tar.gz
https://archive.org/download/vicomdataset019/00193.tar.gz
https://archive.org/download/vicomdataset019/00194.tar.gz
https://archive.org/download/vicomdataset019/00195.tar.gz
https://archive.org/download/vicomdataset019/00196.tar.gz
https://archive.org/download/vicomdataset019/00197.tar.gz
https://archive.org/download/vicomdataset019/00198.tar.gz
https://archive.org/download/vicomdataset019/00199.tar.gz
https://archive.org/download/vicomdataset020/00200.tar.gz
https://archive.org/download/vicomdataset020/00201.tar.gz
https://archive.org/download/vicomdataset020/00202.tar.gz
https://archive.org/download/vicomdataset020/00203.tar.gz
https://archive.org/download/vicomdataset020/00204.tar.gz
https://archive.org/download/vicomdataset020/00205.tar.gz
https://archive.org/download/vicomdataset020/00206.tar.gz
https://archive.org/download/vicomdataset020/00207.tar.gz
https://archive.org/download/vicomdataset020/00208.tar.gz
https://archive.org/download/vicomdataset020/00209.tar.gz
https://archive.org/download/vicomdataset021/00210.tar.gz
https://archive.org/download/vicomdataset021/00211.tar.gz
https://archive.org/download/vicomdataset021/00212.tar.gz
https://archive.org/download/vicomdataset021/00213.tar.gz
https://archive.org/download/vicomdataset021/00214.tar.gz
https://archive.org/download/vicomdataset021/00215.tar.gz
https://archive.org/download/vicomdataset021/00216.tar.gz
https://archive.org/download/vicomdataset021/00217.tar.gz
https://archive.org/download/vicomdataset021/00218.tar.gz
https://archive.org/download/vicomdataset021/00219.tar.gz
https://archive.org/download/vicomdataset022/00220.tar.gz
https://archive.org/download/vicomdataset022/00221.tar.gz
https://archive.org/download/vicomdataset022/00222.tar.gz
https://archive.org/download/vicomdataset022/00223.tar.gz
https://archive.org/download/vicomdataset022/00224.tar.gz
https://archive.org/download/vicomdataset022/00225.tar.gz
https://archive.org/download/vicomdataset022/00226.tar.gz
https://archive.org/download/vicomdataset022/00227.tar.gz
https://archive.org/download/vicomdataset022/00228.tar.gz
https://archive.org/download/vicomdataset022/00229.tar.gz
https://archive.org/download/vicomdataset023/00230.tar.gz
https://archive.org/download/vicomdataset023/00231.tar.gz
https://archive.org/download/vicomdataset023/00232.tar.gz
https://archive.org/download/vicomdataset023/00233.tar.gz
https://archive.org/download/vicomdataset023/00234.tar.gz
https://archive.org/download/vicomdataset023/00235.tar.gz
https://archive.org/download/vicomdataset023/00236.tar.gz
https://archive.org/download/vicomdataset023/00237.tar.gz
https://archive.org/download/vicomdataset023/00238.tar.gz
https://archive.org/download/vicomdataset023/00239.tar.gz
https://archive.org/download/vicomdataset024/00240.tar.gz
https://archive.org/download/vicomdataset024/00241.tar.gz
https://archive.org/download/vicomdataset024/00242.tar.gz
https://archive.org/download/vicomdataset024/00243.tar.gz
https://archive.org/download/vicomdataset024/00244.tar.gz
https://archive.org/download/vicomdataset024/00245.tar.gz
https://archive.org/download/vicomdataset024/00246.tar.gz
https://archive.org/download/vicomdataset024/00247.tar.gz
https://archive.org/download/vicomdataset024/00248.tar.gz
https://archive.org/download/vicomdataset024/00249.tar.gz
https://archive.org/download/vicomdataset025/00250.tar.gz
https://archive.org/download/vicomdataset025/00251.tar.gz
https://archive.org/download/vicomdataset025/00252.tar.gz
https://archive.org/download/vicomdataset025/00253.tar.gz
https://archive.org/download/vicomdataset025/00254.tar.gz
https://archive.org/download/vicomdataset025/00255.tar.gz
https://archive.org/download/vicomdataset025/00256.tar.gz
https://archive.org/download/vicomdataset025/00257.tar.gz
https://archive.org/download/vicomdataset025/00258.tar.gz
https://archive.org/download/vicomdataset025/00259.tar.gz
https://archive.org/download/vicomdataset026/00260.tar.gz
https://archive.org/download/vicomdataset026/00261.tar.gz
https://archive.org/download/vicomdataset026/00262.tar.gz
https://archive.org/download/vicomdataset026/00263.tar.gz
https://archive.org/download/vicomdataset026/00264.tar.gz
https://archive.org/download/vicomdataset026/00265.tar.gz
https://archive.org/download/vicomdataset026/00266.tar.gz
https://archive.org/download/vicomdataset026/00267.tar.gz
https://archive.org/download/vicomdataset026/00268.tar.gz
https://archive.org/download/vicomdataset026/00269.tar.gz
https://archive.org/download/vicomdataset027/00270.tar.gz
https://archive.org/download/vicomdataset027/00271.tar.gz
https://archive.org/download/vicomdataset027/00272.tar.gz
https://archive.org/download/vicomdataset027/vicom.tar.gz
